// Jest Snapshot v1, https://goo.gl/fbAQLP

exports[`UserDetailsFormScreen renders a component 1`] = `
<Styled(Component)>
  <ReduxForm
    initialValues={
      Object {
        "email": "Sincere@april.biz",
        "name": "Leanne Graham",
        "phone": "1-770-736-8031 x56442",
        "username": "Bret",
        "website": "hildegard.org",
      }
    }
    onSubmit={[Function]}
  />
</Styled(Component)>
`;
