// Jest Snapshot v1, https://goo.gl/fbAQLP

exports[`UserDetails renders a component 1`] = `
<Component>
  <Text
    accessible={true}
    allowFontScaling={true}
    ellipsizeMode="tail"
  >
    Name: 
    Leanne Graham
  </Text>
  <Text
    accessible={true}
    allowFontScaling={true}
    ellipsizeMode="tail"
  >
    Username: 
    Bret
  </Text>
  <Text
    accessible={true}
    allowFontScaling={true}
    ellipsizeMode="tail"
  >
    Email: 
    Sincere@april.biz
  </Text>
  <Text
    accessible={true}
    allowFontScaling={true}
    ellipsizeMode="tail"
  >
    Phone: 
    1-770-736-8031 x56442
  </Text>
</Component>
`;
