// Jest Snapshot v1, https://goo.gl/fbAQLP

exports[`AddressDetails renders a component 1`] = `
<Component>
  <Text
    accessible={true}
    allowFontScaling={true}
    ellipsizeMode="tail"
  >
    Kulas Light
  </Text>
  <Text
    accessible={true}
    allowFontScaling={true}
    ellipsizeMode="tail"
  >
    Apt. 556
  </Text>
  <Text
    accessible={true}
    allowFontScaling={true}
    ellipsizeMode="tail"
  >
    Gwenborough
  </Text>
  <Text
    accessible={true}
    allowFontScaling={true}
    ellipsizeMode="tail"
  >
    92998-3874
  </Text>
</Component>
`;
